// Jest Snapshot v1, https://goo.gl/fbAQLP

exports[`AppChannelRemove renders a list of channels 1`] = `
<button
  data-test="remove-button"
>
  
  Eliminar

</button>
`;
