// Jest Snapshot v1, https://goo.gl/fbAQLP

exports[`AppTextFieldRequired renders the component 1`] = `
<h1>
  sada
</h1>
`;
