// Jest Snapshot v1, https://goo.gl/fbAQLP

exports[`AppTextFieldEmailRequired renders the component 1`] = `
<div
  class="v-input theme--light v-text-field"
>
  <div
    class="v-input__prepend-outer"
  >
    <div
      class="v-input__icon v-input__icon--prepend"
    >
      <i
        aria-hidden="true"
        class="v-icon notranslate mdi mdi-email theme--light"
      />
    </div>
  </div>
  <div
    class="v-input__control"
  >
    <div
      class="v-input__slot"
    >
      <div
        class="v-text-field__slot"
      >
        <label
          class="v-label theme--light"
          for="input-14"
          style="right: 0px; position: absolute;"
        >
          Correu electr√≤nic
        </label>
        <input
          data-test="email_field_required"
          id="input-14"
          name="email"
          required="required"
          type="text"
        />
      </div>
    </div>
    <div
      class="v-text-field__details"
    >
      <div
        class="v-messages theme--light"
      >
        <span
          class="v-messages__wrapper"
          name="message-transition"
          tag="div"
        />
      </div>
    </div>
  </div>
</div>
`;
