// Jest Snapshot v1, https://goo.gl/fbAQLP

exports[`Channels renders the component 1`] = `
<span
  channels="[object Object],[object Object],[object Object]"
>
  <app-channels-form-stub />
   
  <app-channels-list-stub
    channels="[object Object],[object Object],[object Object]"
  />
</span>
`;
