// Jest Snapshot v1, https://goo.gl/fbAQLP

exports[`Channels renders the component 1`] = `
<span>
  <channels-form-stub />
   
  <channels-list-stub />
</span>
`;
