// Jest Snapshot v1, https://goo.gl/fbAQLP

exports[`ChannelsForm renders a list of channels 1`] = `
<form>
  <!---->
   
  <input
    data-test="input_name"
    type="text"
  />
   
  <button
    data-test="add_button"
  >
    
    Afegir
  
  </button>
</form>
`;
